// Jest Snapshot v1, https://goo.gl/fbAQLP

exports[`LogoFarm should match snapshot 1`] = `
<section-wrap>
  <div
    class="logo-farm"
  />
</section-wrap>
`;
