// Jest Snapshot v1, https://goo.gl/fbAQLP

exports[`SocialMediaBar should match snapshot 1`] = `
<div
  class="social-media-bar"
>
  <div
    class="social-media-bar__inner"
  >
    <div
      class="social-media-bar__col"
    >
      <h4
        class="social-media-bar__title"
      >
        
        mock title
      
      </h4>
       
      <div
        class="social-media-bar__links"
      >
        <!---->
         
        <!---->
      </div>
    </div>
     
    <div
      class="social-media-bar__col"
    >
      <h4
        class="social-media-bar__title social-media-bar__title--secondary"
      >
        
        Follow us
      
      </h4>
       
      <!---->
    </div>
  </div>
</div>
`;
