// Jest Snapshot v1, https://goo.gl/fbAQLP

exports[`CardStat should match snapshot 1`] = `<!---->`;
