// Jest Snapshot v1, https://goo.gl/fbAQLP

exports[`CardFocusBox should match snapshot 1`] = `<!---->`;
