// Jest Snapshot v1, https://goo.gl/fbAQLP

exports[`CardDivisionHead should match snapshot 1`] = `
<a
  class="btn-owner card card--division card--division--head card--bdr bg-white"
  href="www.unimelb.edu.au"
>
  <div
    class="card__thumb"
  >
    <div
      class="card__thumb-img"
      style="background-image: url();"
    />
  </div>
   
  <div
    class="card__inner"
  >
    <div
      class="card__subheader"
    >
      <h3
        class="card__header"
      >
        mock name
      </h3>
       
      <p
        class="card__meta"
      >
        
      </p>
    </div>
     
    <hr />
      
    <!---->
  </div>
   
  <div
    class="card__footer"
  >
    <buttonicon
      class="btn--fullwidth"
      element="span"
    >
      Contacts and bio
    </buttonicon>
  </div>
</a>
`;
