// Jest Snapshot v1, https://goo.gl/fbAQLP

exports[`MegaMenuTitle should match snapshot 1`] = `
<a
  class="page-title"
  href=""
  style="width: 50%;"
>
  false
</a>
`;
