// Jest Snapshot v1, https://goo.gl/fbAQLP

exports[`FilteredCard Should match snapshot 1`] = `
<a
  class="filtered-results__card filtered-results__card--major"
>
  <span
    class="filtered-results__card-label"
  >
    major
  </span>
   
  <span
    class="filtered-results__card-category"
  >
    Some category
  </span>
</a>
`;
