// Jest Snapshot v1, https://goo.gl/fbAQLP

exports[`InfoPanel should match snapshot 1`] = `
<div
  class="info-panel"
>
  <!---->
   
  <div
    class="info-panel__inner"
  >
    <h4
      class="title--xxs info-panel__title"
    >
      
      
    
    </h4>
     
  </div>
</div>
`;
