// Jest Snapshot v1, https://goo.gl/fbAQLP

exports[`Tab should match snapshot 1`] = `
<div
  class="tabs__panel max"
  id="-panel-1"
  mode="out-in"
  name="fade"
  role="tabpanel"
  style="display: none;"
/>
`;
