// Jest Snapshot v1, https://goo.gl/fbAQLP

exports[`QuickLinksSecondaryItem should match snapshot 1`] = `
<a
  class="ql-menu__secondary-link"
  href="www.unimelb.edu.au"
>
  <!---->
   
  <span
    class="ql-menu__secondary-text"
  >
    mock title
  </span>
</a>
`;
