// Jest Snapshot v1, https://goo.gl/fbAQLP

exports[`PagePreFooter should match snapshot 1`] = `
<div
  class="social-media-bar"
>
  <div
    class="social-media-bar__inner"
  >
    <!---->
     
    <!---->
  </div>
</div>
`;
