// Jest Snapshot v1, https://goo.gl/fbAQLP

exports[`SvgIcon should match snapshot 1`] = `
<svg
  aria-label=""
  focusable="false"
  height="0"
  role="img"
  width="0"
>
  <use
    xlink:href="#icon-"
  />
   
  <title>
    
  </title>
   
</svg>
`;
