// Jest Snapshot v1, https://goo.gl/fbAQLP

exports[`MegaMenuTitle should match snapshot 1`] = `
<div
  class="page-title"
  style="width: 50%;"
>
  <div
    class="page-title__separator"
  />
   
  <a
    class="page-title__text"
  >
    
    false
  
  </a>
</div>
`;
