// Jest Snapshot v1, https://goo.gl/fbAQLP

exports[`MegaMenuTitle should match snapshot 1`] = `
<nav>
  <ul
    class="mega-top"
  />
</nav>
`;
