// Jest Snapshot v1, https://goo.gl/fbAQLP

exports[`ToggleBlockMobile should match snapshot 1`] = `<!---->`;
