// Jest Snapshot v1, https://goo.gl/fbAQLP

exports[`BlockQuotation should match snapshot 1`] = `
<blockquote
  class="block-quotation"
>
  <p
    class="block-quotation__content"
  />
   
  <!---->
</blockquote>
`;
