// Jest Snapshot v1, https://goo.gl/fbAQLP

exports[`ListingWrap should match snapshot 1`] = `
<div
  class="grid"
/>
`;
