// Jest Snapshot v1, https://goo.gl/fbAQLP

exports[`SidePanel should match snapshot 1`] = `
<nav
  class="side-panel"
>
  <div
    class="side-panel__inner"
  >
    <h5
      class="side-panel__title"
    >
      
      mock title
      
      <button
        aria-label="mock title"
        class="side-panel__trigger"
      >
        <svg
          aria-label="close"
          focusable="false"
          height="10"
          role="img"
          width="10"
        >
          <use
            xlink:href="#icon-close"
          />
           
          <title>
            Close
          </title>
           
        </svg>
      </button>
    </h5>
     
    <ul
      class="side-panel__nav"
    />
  </div>
</nav>
`;
